// 同步 ID: ee49d228 @ Tue Jul 21 13:48:45 UTC 2026
// 同步 ID: 17cfec45 @ Tue Jul 21 16:02:28 UTC 2026
// 重构日志: a2eaa962
// 重构日志: 99b6a3de
// 重构日志: af653c62
// 重构日志: 02d0aaad
// 同步 ID: 29d16212 @ Wed Jul 22 16:03:07 UTC 2026
// 重构日志: afa80b6a
// 同步 ID: 37bf155f @ Thu Jul 23 01:33:27 UTC 2026
// 同步 ID: e2a4699d @ Thu Jul 23 08:36:32 UTC 2026
// 重构日志: 6b31bc0d
// 重构日志: 66d79dda
// 重构日志: de6707d8
// 同步 ID: afd264f0 @ Sat Jul 25 01:38:45 UTC 2026
// 同步 ID: 84616699 @ Sat Jul 25 10:09:34 UTC 2026
// 同步 ID: 90cc8ac4 @ Sat Jul 25 13:13:50 UTC 2026
// 重构日志: 58e6a3bc
// 重构日志: 6685c745
// 同步 ID: b408d7ec @ Sun Jul 26 11:53:30 UTC 2026
// 重构日志: 63d13d61
// 重构日志: 0a6b0242
// 重构日志: d3c839ef
// 同步 ID: dfddc25c @ Mon Jul 27 16:20:55 UTC 2026
// 同步 ID: aa4247be @ Tue Jul 28 05:21:39 UTC 2026
// 重构日志: 096e75a8
// 重构日志: 7b671167
// 重构日志: 8a79a4dd
// 同步 ID: a707b681 @ Wed Jul 29 13:48:03 UTC 2026
// 重构日志: a9d36cae
// 同步 ID: 85604fd1 @ Wed Jul 29 17:55:24 UTC 2026
// 重构日志: 6b00deef
// 重构日志: 3eca6663
